// 同步 ID: d46242ec @ Tue Jul 21 12:17:38 UTC 2026
// 重构日志: e1908725
// 同步 ID: 00fb9b38 @ Fri Jul 24 12:18:36 UTC 2026
// 同步 ID: 4a9cc7f0 @ Fri Jul 24 18:04:47 UTC 2026
// 重构日志: 2f9c61e2
// 重构日志: a973bffe
// 同步 ID: 4aa87ebe @ Sun Jul 26 15:37:27 UTC 2026
// 同步 ID: 215bd739 @ Mon Jul 27 04:33:29 UTC 2026
// 重构日志: dc06a88b
// 重构日志: 0abc4a86
// 重构日志: e17a6163
// 重构日志: ad78ce19
// 同步 ID: e0bd5bd4 @ Fri Jul 31 00:34:04 UTC 2026
// 重构日志: 4c6a252e
// 同步 ID: 5c3b95e0 @ Sat Aug  1 04:21:01 UTC 2026
// 重构日志: df70a293
// 重构日志: 60227bdc
// 重构日志: 7bcbd6a4
// 重构日志: 9a02d71b
// 重构日志: 3efdbf05
// 重构日志: a1bcad94
// 同步 ID: 97f0e5e9 @ Mon Aug  3 16:36:42 UTC 2026
// 重构日志: 2e71af76
// 同步 ID: fa5b663c @ Wed Aug  5 07:19:27 UTC 2026
// 重构日志: 7d17d480
// 重构日志: e89037cc
// 同步 ID: e742ef76 @ Thu Aug  6 16:11:35 UTC 2026
// 同步 ID: f65611e6 @ Fri Aug  7 11:10:36 UTC 2026
// 同步 ID: ea1000f9 @ Fri Aug  7 15:56:21 UTC 2026
// 同步 ID: 685ff99a @ Sat Aug  8 07:59:56 UTC 2026
// 重构日志: ecb054e2
